ident plus
=
fun
ident x
->
fun
ident y
->
ident x
+
ident y
end
end
;
