ident map
=
fun
ident func
->
fun
ident array
->
fun
ident n
->
let
ident next
=
ident func
(
head
ident array
)
in
if
ident n
=
num 1
then
ident next
else
ident next
.
(
(
ident map
ident func
)
(
tail
ident array
)
)
(
ident n
-
num 1
)
end
end
end
end
end
;
ident times2
=
fun
ident x
->
num 2
*
ident x
end
;
ident main
=
fun
ident array
->
fun
ident n
->
(
(
ident map
ident times2
)
ident array
)
ident n
end
end
;
