ident max
=
fun
ident list
->
let
ident x
=
head
ident list
in
let
ident y
=
head
(
tail
ident list
)
in
if
ident x
<
ident y
then
ident y
else
ident x
end
end
end
end
;
