ident foo
=
fun
ident x
->
num 42
end
;
ident bar
=
fun
ident x
->
num 66
end
;
ident frobinator
=
fun
ident x
->
ident x
end
;
